
> react-kavia@0.1.0 start
> react-scripts start

(node:4781) [DEP_WEBPACK_DEV_SERVER_ON_AFTER_SETUP_MIDDLEWARE] DeprecationWarning: 'onAfterSetupMiddleware' option is deprecated. Please use the 'setupMiddlewares' option.
(Use `node --trace-deprecation ...` to show where the warning was created)
(node:4781) [DEP_WEBPACK_DEV_SERVER_ON_BEFORE_SETUP_MIDDLEWARE] DeprecationWarning: 'onBeforeSetupMiddleware' option is deprecated. Please use the 'setupMiddlewares' option.
Starting the development server...

Compiled successfully!

You can now view react-kavia in the browser.

  Local:            http://localhost:3000
  On Your Network:  http://172.17.0.2:3000

Note that the development build is not optimized.
To create a production build, use npm run build.

webpack compiled successfully
Compiling...
Compiled successfully!
webpack compiled successfully
Compiling...
Failed to compile.

Module not found: Error: Can't resolve '@react-three/fiber' in '/home/kavia/workspace/code-generation/archvista-portfolio-113985-50d61b15/portfolio_frontend_workspace/portfolio_frontend/src'
WARNING in [eslint] 
src/App.js
  Line 3:8:  'Hero3D' is defined but never used  no-unused-vars

ERROR in ./src/Hero3D.js 6:0-54
Module not found: Error: Can't resolve '@react-three/fiber' in '/home/kavia/workspace/code-generation/archvista-portfolio-113985-50d61b15/portfolio_frontend_workspace/portfolio_frontend/src'

webpack compiled with 1 error and 1 warning
Compiling...
Failed to compile.

Module not found: Error: Can't resolve '@react-three/fiber' in '/home/kavia/workspace/code-generation/archvista-portfolio-113985-50d61b15/portfolio_frontend_workspace/portfolio_frontend/src'
ERROR in ./src/Hero3D.js 6:0-54
Module not found: Error: Can't resolve '@react-three/fiber' in '/home/kavia/workspace/code-generation/archvista-portfolio-113985-50d61b15/portfolio_frontend_workspace/portfolio_frontend/src'

webpack compiled with 1 error
Compiling...
Failed to compile.

Module not found: Error: Can't resolve '@react-three/fiber' in '/home/kavia/workspace/code-generation/archvista-portfolio-113985-50d61b15/portfolio_frontend_workspace/portfolio_frontend/src'
ERROR in ./src/Hero3D.js 6:0-54
Module not found: Error: Can't resolve '@react-three/fiber' in '/home/kavia/workspace/code-generation/archvista-portfolio-113985-50d61b15/portfolio_frontend_workspace/portfolio_frontend/src'

webpack compiled with 1 error
Compiling...
Failed to compile.

Module not found: Error: Can't resolve '@react-three/fiber' in '/home/kavia/workspace/code-generation/archvista-portfolio-113985-50d61b15/portfolio_frontend_workspace/portfolio_frontend/src'
ERROR in ./src/Hero3D.js 6:0-54
Module not found: Error: Can't resolve '@react-three/fiber' in '/home/kavia/workspace/code-generation/archvista-portfolio-113985-50d61b15/portfolio_frontend_workspace/portfolio_frontend/src'

webpack compiled with 1 error
Compiling...
Failed to compile.

Module not found: Error: Can't resolve 'three' in '/home/kavia/workspace/code-generation/archvista-portfolio-113985-50d61b15/portfolio_frontend_workspace/portfolio_frontend/node_modules/@react-three/fiber/dist'
ERROR in ./node_modules/@react-three/fiber/dist/events-776716bd.esm.js 1:0-31
Module not found: Error: Can't resolve 'three' in '/home/kavia/workspace/code-generation/archvista-portfolio-113985-50d61b15/portfolio_frontend_workspace/portfolio_frontend/node_modules/@react-three/fiber/dist'

ERROR in ./node_modules/@react-three/fiber/dist/react-three-fiber.esm.js 4:0-31
Module not found: Error: Can't resolve 'three' in '/home/kavia/workspace/code-generation/archvista-portfolio-113985-50d61b15/portfolio_frontend_workspace/portfolio_frontend/node_modules/@react-three/fiber/dist'

webpack compiled with 2 errors
Compiling...
Compiled successfully!
webpack compiled successfully
